Archive member included because of file (symbol)

../cross_compiler/lib/gcc/arm-none-eabi/4.8.1//libgcc.a(_udivsi3.o)
                              binaries/qsort.o (__aeabi_uidiv)
../cross_compiler/lib/gcc/arm-none-eabi/4.8.1//libgcc.a(_divsi3.o)
                              binaries/doprnt.o (__aeabi_idiv)
../cross_compiler/lib/gcc/arm-none-eabi/4.8.1//libgcc.a(_dvmd_tls.o)
                              ../cross_compiler/lib/gcc/arm-none-eabi/4.8.1//libgcc.a(_udivsi3.o) (__aeabi_idiv0)
../cross_compiler/lib/gcc/arm-none-eabi/4.8.1//libgcc.a(_arm_addsubdf3.o)
                              binaries/main.o (__aeabi_ui2d)
../cross_compiler/lib/gcc/arm-none-eabi/4.8.1//libgcc.a(_arm_muldivdf3.o)
                              binaries/main.o (__aeabi_dmul)
../cross_compiler/lib/gcc/arm-none-eabi/4.8.1//libgcc.a(_arm_cmpdf2.o)
                              binaries/doprnt.o (__aeabi_dcmplt)
../cross_compiler/lib/gcc/arm-none-eabi/4.8.1//libgcc.a(_arm_fixdfsi.o)
                              binaries/doprnt.o (__aeabi_d2iz)
../cross_compiler/lib/gcc/arm-none-eabi/4.8.1//libgcc.a(_arm_truncdfsf2.o)
                              binaries/main.o (__aeabi_d2f)
../cross_compiler/lib/gcc/arm-none-eabi/4.8.1//libgcc.a(_arm_addsubsf3.o)
                              binaries/main.o (__aeabi_fsub)
../cross_compiler/lib/gcc/arm-none-eabi/4.8.1//libgcc.a(_arm_muldivsf3.o)
                              binaries/main.o (__aeabi_fmul)
../cross_compiler/lib/gcc/arm-none-eabi/4.8.1//libgcc.a(_arm_fixunssfsi.o)
                              binaries/main.o (__aeabi_f2uiz)

Allocating common symbols
Common symbol       size              file

netbufpool          0x4               binaries/net.o
readylist           0x2               binaries/ready.o
rfltab              0x5a0             binaries/rflinit.o
netportseed         0x4               binaries/net.o
sleepq              0x2               binaries/clkinit.o
falling_list        0x200             binaries/gpio_init.o
intc_vector         0x200             binaries/evec.o
nnames              0x4               binaries/naminit.o
udptab              0x168             binaries/udp.o
minheap             0x4               binaries/meminit.o
marks               0x50              binaries/mark.o
currpid             0x4               binaries/initialize.o
Lf_data             0x20c             binaries/lfsinit.o
porttab             0x2d0             binaries/ptinit.o
ttytab              0x110             binaries/ttyinit.o
proctab             0x15e0            binaries/initialize.o
eth_a_regs          0x1c              binaries/ethinit.o
prcount             0x4               binaries/initialize.o
lfltab              0xf00             binaries/lflinit.o
rdstab              0x8c              binaries/rdsinit.o
enabled_steps       0x11              binaries/adcinit.o
ethertab            0x138             binaries/ethinit.o
adc_read            0x4               binaries/adcinit.o
NetData             0xb0              binaries/net.o
nmarks              0x4               binaries/mark.o
Defer               0x8               binaries/resched.o
semtab              0x4b0             binaries/initialize.o
maxheap             0x4               binaries/meminit.o
preempt             0x4               binaries/clkinit.o
buftab              0xf0              binaries/bufinit.o
Rf_data             0x18              binaries/rfsinit.o
mkmutex             0x4               binaries/mark.o
rising_list         0x200             binaries/gpio_init.o
clktime             0x4               binaries/clkinit.o
arpcache            0x140             binaries/arp.o
icmptab             0x230             binaries/icmp.o
nbpools             0x4               binaries/bufinit.o
read_sem            0x4               binaries/adcinit.o
queuetab            0x980             binaries/queue.o
ptnextid            0x4               binaries/ptinit.o
Ram                 0x19000           binaries/raminit.o
ipoqueue            0x2c              binaries/ip.o
memlist             0x8               binaries/initialize.o
nametab             0x19a0            binaries/naminit.o
ptfree              0x4               binaries/ptinit.o

Memory Configuration

Name             Origin             Length             Attributes
*default*        0x00000000         0xffffffff

Linker script and memory map

                0x81000000                physbase = 0x81000000
                0x81000000                . = physbase
                0x81000000                . = ALIGN (0x1000)

.text           0x81000000    0x18000
                0x81000000                text = ABSOLUTE (.)
 *(.text .text.*)
 .text          0x81000000       0x4c binaries/start.o
                0x81000000                start
 .text          0x8100004c      0x33c binaries/ascdate.o
                0x8100004c                ascdate
 .text          0x81000388       0x18 binaries/bufinit.o
                0x81000388                bufinit
 .text          0x810003a0       0x68 binaries/chprio.o
                0x810003a0                chprio
 .text          0x81000408       0xf0 binaries/clkhandler.o
                0x81000408                clkhandler
 .text          0x810004f8       0xd4 binaries/clkinit.o
                0x810004f8                clkinit
 .text          0x810005cc       0x50 binaries/close.o
                0x810005cc                close
 .text          0x8100061c        0x0 binaries/conf.o
 .text          0x8100061c       0x68 binaries/control.o
                0x8100061c                control
 .text          0x81000684      0x290 binaries/create.o
                0x81000684                create
 .text          0x81000914       0xb0 binaries/evec.o
                0x81000914                initintc
                0x81000940                set_evec
                0x81000980                irq_dispatch
 .text          0x810009c4       0x10 binaries/exit.o
                0x810009c4                exit
 .text          0x810009d4       0x7c binaries/freebuf.o
                0x810009d4                freebuf
 .text          0x81000a50      0x148 binaries/freemem.o
                0x81000a50                freemem
 .text          0x81000b98       0x78 binaries/getbuf.o
                0x81000b98                getbuf
 .text          0x81000c10       0x50 binaries/getc.o
                0x81000c10                getc
 .text          0x81000c60       0x68 binaries/getdev.o
                0x81000c60                getdev
 .text          0x81000cc8       0xa0 binaries/getitem.o
                0x81000cc8                getitem
                0x81000cf8                getfirst
                0x81000d2c                getlast
 .text          0x81000d68      0x108 binaries/getmem.o
                0x81000d68                getmem
 .text          0x81000e70       0x10 binaries/getpid.o
                0x81000e70                getpid
 .text          0x81000e80       0x5c binaries/getprio.o
                0x81000e80                getprio
 .text          0x81000edc       0xc8 binaries/getstk.o
                0x81000edc                getstk
 .text          0x81000fa4        0x8 binaries/getticks.o
                0x81000fa4                getticks
 .text          0x81000fac       0x38 binaries/gettime.o
                0x81000fac                gettime
 .text          0x81000fe4      0x1f4 binaries/getutime.o
                0x81000fe4                getutime
 .text          0x810011d8       0x50 binaries/init.o
                0x810011d8                init
 .text          0x81001228      0x394 binaries/initialize.o
                0x81001314                nulluser
                0x8100155c                stop
                0x81001580                delay
 .text          0x810015bc       0xd0 binaries/insert.o
                0x810015bc                insert
 .text          0x8100168c      0x134 binaries/insertd.o
                0x8100168c                insertd
 .text          0x810017c0        0x8 binaries/ioerr.o
                0x810017c0                ioerr
 .text          0x810017c8        0x8 binaries/ionull.o
                0x810017c8                ionull
 .text          0x810017d0      0x158 binaries/kill.o
                0x810017d0                kill
 .text          0x81001928       0xd0 binaries/kprintf.o
                0x81001928                kputc
                0x81001978                kgetc
                0x810019b8                kprintf
 .text          0x810019f8      0xc78 binaries/main.o
                0x810019f8                LED_g
                0x81001a20                LED_r
                0x81001a48                buzzer
                0x81001a60                buzzer_on
                0x81001ae4                main
 .text          0x81002670       0xd0 binaries/mark.o
                0x81002670                markinit
                0x8100269c                mark
 .text          0x81002740       0x48 binaries/meminit.o
                0x81002740                meminit
 .text          0x81002788      0x140 binaries/mkbufpool.o
                0x81002788                mkbufpool
 .text          0x810028c8       0x7c binaries/newqueue.o
                0x810028c8                newqueue
 .text          0x81002944       0x60 binaries/open.o
                0x81002944                open
 .text          0x810029a4       0x20 binaries/panic.o
                0x810029a4                panic
 .text          0x810029c4       0xac binaries/platinit.o
                0x810029c4                counterinit
                0x810029dc                platinit
 .text          0x81002a70       0xa8 binaries/ptclear.o
                0x81002a70                _ptclear
 .text          0x81002b18       0x78 binaries/ptcount.o
                0x81002b18                ptcount
 .text          0x81002b90       0xdc binaries/ptcreate.o
                0x81002b90                ptcreate
 .text          0x81002c6c       0x74 binaries/ptdelete.o
                0x81002c6c                ptdelete
 .text          0x81002ce0       0xbc binaries/ptinit.o
                0x81002ce0                ptinit
 .text          0x81002d9c       0xd0 binaries/ptrecv.o
                0x81002d9c                ptrecv
 .text          0x81002e6c       0x68 binaries/ptreset.o
                0x81002e6c                ptreset
 .text          0x81002ed4       0xf4 binaries/ptsend.o
                0x81002ed4                ptsend
 .text          0x81002fc8       0x58 binaries/putc.o
                0x81002fc8                putc
 .text          0x81003020       0xf4 binaries/queue.o
                0x81003020                enqueue
                0x810030b8                dequeue
 .text          0x81003114       0x60 binaries/read.o
                0x81003114                read
 .text          0x81003174       0x74 binaries/ready.o
                0x81003174                ready
 .text          0x810031e8       0x60 binaries/receive.o
                0x810031e8                receive
 .text          0x81003248       0x48 binaries/recvclr.o
                0x81003248                recvclr
 .text          0x81003290       0xb0 binaries/recvtime.o
                0x81003290                recvtime
 .text          0x81003340      0x1ac binaries/resched.o
                0x81003340                resched
                0x81003430                resched_cntl
 .text          0x810034ec       0x90 binaries/resume.o
                0x810034ec                resume
 .text          0x8100357c       0x58 binaries/seek.o
                0x8100357c                seek
 .text          0x810035d4       0x58 binaries/semcount.o
                0x810035d4                semcount
 .text          0x8100362c       0xb8 binaries/semcreate.o
                0x8100362c                semcreate
 .text          0x810036e4       0xac binaries/semdelete.o
                0x810036e4                semdelete
 .text          0x81003790       0xa4 binaries/semreset.o
                0x81003790                semreset
 .text          0x81003834       0xc0 binaries/send.o
                0x81003834                send
 .text          0x810038f4       0x80 binaries/signal.o
                0x810038f4                signal
 .text          0x81003974       0xb0 binaries/signaln.o
                0x81003974                signaln
 .text          0x81003a24       0xcc binaries/sleep.o
                0x81003a24                sleepms
                0x81003ac0                sleep
 .text          0x81003af0       0xbc binaries/suspend.o
                0x81003af0                suspend
 .text          0x81003bac       0xb8 binaries/unsleep.o
                0x81003bac                unsleep
 .text          0x81003c64       0x10 binaries/userret.o
                0x81003c64                userret
 .text          0x81003c74       0xac binaries/wait.o
                0x81003c74                wait
 .text          0x81003d20       0xa0 binaries/wakeup.o
                0x81003d20                wakeup
 .text          0x81003dc0       0x60 binaries/write.o
                0x81003dc0                write
 .text          0x81003e20       0x18 binaries/xdone.o
                0x81003e20                xdone
 .text          0x81003e38       0x20 binaries/yield.o
                0x81003e38                yield
 .text          0x81003e58        0xc binaries/abs.o
                0x81003e58                abs
 .text          0x81003e64      0x114 binaries/atoi.o
                0x81003e64                atoi
 .text          0x81003f78      0x114 binaries/atol.o
                0x81003f78                atol
 .text          0x8100408c       0x20 binaries/bzero.o
                0x8100408c                bzero
 .text          0x810040ac        0x0 binaries/ctype_.o
 .text          0x810040ac      0xa34 binaries/doprnt.o
                0x810042cc                _doprnt
 .text          0x81004ae0      0x704 binaries/doscan.o
                0x81004ae0                _doscan
 .text          0x810051e4      0x898 binaries/fdoprnt.o
                0x81005290                _fdoprnt
 .text          0x81005a7c       0x14 binaries/fgetc.o
                0x81005a7c                fgetc
 .text          0x81005a90       0x84 binaries/fgets.o
                0x81005a90                fgets
 .text          0x81005b14       0x3c binaries/fprintf.o
                0x81005b14                fprintf
 .text          0x81005b50       0x24 binaries/fputc.o
                0x81005b50                fputc
 .text          0x81005b74       0x38 binaries/fputs.o
                0x81005b74                fputs
 .text          0x81005bac       0x78 binaries/fscanf.o
                0x81005be0                fscanf
 .text          0x81005c24       0x2c binaries/getchar.o
                0x81005c24                getchar
 .text          0x81005c50        0xc binaries/labs.o
                0x81005c50                labs
 .text          0x81005c5c        0x0 binaries/memchr.o
 .text          0x81005c5c       0x60 binaries/memcmp.o
                0x81005c5c                memcmp
 .text          0x81005cbc       0x24 binaries/memcpy.o
                0x81005cbc                memcpy
 .text          0x81005ce0       0x20 binaries/memset.o
                0x81005ce0                memset
 .text          0x81005d00       0x58 binaries/printf.o
                0x81005d00                printf
 .text          0x81005d58       0x2c binaries/putchar.o
                0x81005d58                putchar
 .text          0x81005d84      0x254 binaries/qsort.o
                0x81005fb8                qsort
 .text          0x81005fd8       0x7c binaries/rand.o
                0x81005fd8                rand
                0x81006010                rand_r
                0x81006044                srand
 .text          0x81006054       0x68 binaries/sprintf.o
                0x8100606c                sprintf
 .text          0x810060bc       0x78 binaries/sscanf.o
                0x810060f0                sscanf
 .text          0x81006134       0x48 binaries/strchr.o
                0x81006134                strchr
 .text          0x8100617c       0x54 binaries/strcmp.o
                0x8100617c                strcmp
 .text          0x810061d0       0x18 binaries/strcpy.o
                0x810061d0                strcpy
 .text          0x810061e8       0x30 binaries/strlen.o
                0x810061e8                strlen
 .text          0x81006218       0x50 binaries/strncat.o
                0x81006218                strncat
 .text          0x81006268       0x54 binaries/strncmp.o
                0x81006268                strncmp
 .text          0x810062bc       0x80 binaries/strncpy.o
                0x810062bc                strncpy
 .text          0x8100633c       0x48 binaries/strnlen.o
                0x8100633c                strnlen
 .text          0x81006384       0x58 binaries/strrchr.o
                0x81006384                strrchr
 .text          0x810063dc       0xb0 binaries/strstr.o
                0x810063dc                strstr
 .text          0x8100648c       0xc8 binaries/ttycontrol.o
                0x8100648c                ttycontrol
 .text          0x81006554       0x6c binaries/ttygetc.o
                0x81006554                ttygetc
 .text          0x810065c0      0x4d8 binaries/ttyhandle_in.o
                0x8100668c                ttyhandle_in
 .text          0x81006a98      0x14c binaries/ttyhandle_out.o
                0x81006a98                ttyhandle_out
 .text          0x81006be4       0xc8 binaries/ttyhandler.o
                0x81006be4                ttyhandler
 .text          0x81006cac      0x120 binaries/ttyinit.o
                0x81006cac                ttyinit
 .text          0x81006dcc        0xc binaries/ttykickout.o
                0x81006dcc                ttykickout
 .text          0x81006dd8       0x78 binaries/ttyputc.o
                0x81006dd8                ttyputc
 .text          0x81006e50      0x110 binaries/ttyread.o
                0x81006e50                ttyread
 .text          0x81006f60       0x4c binaries/ttywrite.o
                0x81006f60                ttywrite
 .text          0x81006fac      0x134 binaries/mount.o
                0x81006fac                namlen
                0x81007000                mount
 .text          0x810070e0      0x1c8 binaries/naminit.o
                0x810070e0                naminit
 .text          0x810072a8      0x240 binaries/nammap.o
                0x810072a8                namrepl
                0x810073e0                namcpy
                0x8100743c                nammap
 .text          0x810074e8       0x40 binaries/namopen.o
                0x810074e8                namopen
 .text          0x81007528       0x40 binaries/ethcontrol.o
                0x81007528                ethcontrol
 .text          0x81007568      0x178 binaries/ethhandler.o
                0x81007568                ethhandler
 .text          0x810076e0      0x734 binaries/ethinit.o
                0x810076e0                eth_phy_read
                0x81007750                eth_phy_write
                0x810077a8                eth_phy_reset
                0x81007918                ethinit
 .text          0x81007e14       0xf4 binaries/ethread.o
                0x81007e14                ethread
 .text          0x81007f08       0xf0 binaries/ethwrite.o
                0x81007f08                ethwrite
 .text          0x81007ff8       0xf8 binaries/gpio_handler.o
                0x81007ff8                gpio_handler
                0x810080b0                gpio_handler_mod0
                0x810080c0                gpio_handler_mod1
                0x810080d0                gpio_handler_mod2
                0x810080e0                gpio_handler_mod3
 .text          0x810080f0      0x228 binaries/gpio_init.o
                0x810080f0                control_module_init
                0x81008158                gpio_module_init
                0x810081fc                gpio_init
                0x8100826c                gpio_set_mode
 .text          0x81008318      0x34c binaries/gpio_read.o
                0x81008318                gpio_read
                0x810083c8                gpio_subscribe
                0x81008518                gpio_unsubscribe
 .text          0x81008664      0x124 binaries/gpio_write.o
                0x81008664                gpio_write
 .text          0x81008788       0x50 binaries/adchandler.o
                0x81008788                adchandler
 .text          0x810087d8      0x4d4 binaries/adcinit.o
                0x810087d8                adc_configure_clock
                0x81008810                config_write_protect
                0x8100882c                configure_mode
                0x81008848                store_step_id
                0x81008858                step_enable
                0x8100886c                step_disable
                0x81008880                clear_interrupt
                0x81008894                enable_module
                0x810088a4                disable_module
                0x810088b4                ADCStepAverge
                0x81008920                ADCStepOperationModeControl
                0x8100893c                ADCstep_configuration
                0x810089ac                analog_supply_config
                0x81008a00                analog_ground_config
                0x81008a70                step_configuration
                0x81008b28                adc_configure
                0x81008b7c                fifo_sel_config
                0x81008b9c                stepmode_config
                0x81008bbc                set_interrupt
                0x81008bcc                module_enabled
                0x81008bd8                step_enabled
                0x81008be8                set_adc_high_range
                0x81008bfc                set_adc_low_range
                0x81008c10                adc_busy
                0x81008c24                enabled_step
                0x81008c30                continuous_mode
                0x81008c50                adcinit
 .text          0x81008cac      0x16c binaries/adcread.o
                0x81008cac                adcread
 .text          0x81008e18      0x1cc binaries/adcsysctrl.o
                0x81008e18                adc_clock_init
                0x81008f84                adc_interrupt
 .text          0x81008fe4       0x90 binaries/rdsbufalloc.o
                0x81008fe4                rdsbufalloc
 .text          0x81009074       0xa0 binaries/rdsclose.o
                0x81009074                rdsclose
 .text          0x81009114      0x20c binaries/rdscomm.o
                0x81009114                rdscomm
 .text          0x81009320      0x1a0 binaries/rdscontrol.o
                0x81009320                rdscontrol
 .text          0x810094c0      0x180 binaries/rdsinit.o
                0x810094c0                rdsinit
 .text          0x81009640      0x134 binaries/rdsopen.o
                0x81009640                rdsopen
 .text          0x81009774      0x304 binaries/rdsprocess.o
                0x81009774                rdsprocess
 .text          0x81009a78      0x210 binaries/rdsread.o
                0x81009a78                rdsread
 .text          0x81009c88      0x184 binaries/rdswrite.o
                0x81009c88                rdswrite
 .text          0x81009e0c        0x8 binaries/ramclose.o
                0x81009e0c                ramclose
 .text          0x81009e14       0x3c binaries/raminit.o
                0x81009e14                raminit
 .text          0x81009e50        0x8 binaries/ramopen.o
                0x81009e50                ramopen
 .text          0x81009e58       0x24 binaries/ramread.o
                0x81009e58                ramread
 .text          0x81009e7c       0x20 binaries/ramwrite.o
                0x81009e7c                ramwrite
 .text          0x81009e9c       0x94 binaries/lfdballoc.o
                0x81009e9c                lfdballoc
 .text          0x81009f30       0x4c binaries/lfdbfree.o
                0x81009f30                lfdbfree
 .text          0x81009f7c       0xb8 binaries/lfflush.o
                0x81009f7c                lfflush
 .text          0x8100a034       0xc8 binaries/lfgetmode.o
                0x8100a034                lfgetmode
 .text          0x8100a0fc       0x6c binaries/lfiballoc.o
                0x8100a0fc                lfiballoc
 .text          0x8100a168       0x30 binaries/lfibclear.o
                0x8100a168                lfibclear
 .text          0x8100a198       0x64 binaries/lfibget.o
                0x8100a198                lfibget
 .text          0x8100a1fc       0x8c binaries/lfibput.o
                0x8100a1fc                lfibput
 .text          0x8100a288       0x84 binaries/lflclose.o
                0x8100a288                lflclose
 .text          0x8100a30c       0xa0 binaries/lflcontrol.o
                0x8100a30c                lflcontrol
 .text          0x8100a3ac       0xa8 binaries/lflgetc.o
                0x8100a3ac                lflgetc
 .text          0x8100a454       0xa8 binaries/lflinit.o
                0x8100a454                lflinit
 .text          0x8100a4fc       0xdc binaries/lflputc.o
                0x8100a4fc                lflputc
 .text          0x8100a5d8       0x78 binaries/lflread.o
                0x8100a5d8                lflread
 .text          0x8100a650       0x80 binaries/lflseek.o
                0x8100a650                lflseek
 .text          0x8100a6d0       0x5c binaries/lflwrite.o
                0x8100a6d0                lflwrite
 .text          0x8100a72c       0xa0 binaries/lfscheck.o
                0x8100a72c                lfscheck
 .text          0x8100a7cc      0x144 binaries/lfsckfmt.o
                0x8100a7cc                lfsckfmt
 .text          0x8100a910      0x15c binaries/lfscreate.o
                0x8100a910                lfscreate
 .text          0x8100aa6c      0x1f0 binaries/lfsetup.o
                0x8100aa6c                lfsetup
 .text          0x8100ac5c       0x44 binaries/lfsinit.o
                0x8100ac5c                lfsinit
 .text          0x8100aca0      0x358 binaries/lfsopen.o
                0x8100aca0                lfsopen
 .text          0x8100aff8      0x108 binaries/lftruncate.o
                0x8100aff8                lftruncate
 .text          0x8100b100       0x70 binaries/rflclose.o
                0x8100b100                rflclose
 .text          0x8100b170       0x28 binaries/rflgetc.o
                0x8100b170                rflgetc
 .text          0x8100b198       0x54 binaries/rflinit.o
                0x8100b198                rflinit
 .text          0x8100b1ec       0x30 binaries/rflputc.o
                0x8100b1ec                rflputc
 .text          0x8100b21c      0x28c binaries/rflread.o
                0x8100b21c                rflread
 .text          0x8100b4a8       0x74 binaries/rflseek.o
                0x8100b4a8                rflseek
 .text          0x8100b51c      0x2c8 binaries/rflwrite.o
                0x8100b51c                rflwrite
 .text          0x8100b7e4      0x198 binaries/rfscomm.o
                0x8100b7e4                rfscomm
 .text          0x8100b97c      0x224 binaries/rfscontrol.o
                0x8100b97c                rfscontrol
 .text          0x8100bba0       0xc8 binaries/rfsgetmode.o
                0x8100bba0                rfsgetmode
 .text          0x8100bc68       0x84 binaries/rfsinit.o
                0x8100bc68                rfsinit
 .text          0x8100bcec       0xa4 binaries/rfsndmsg.o
                0x8100bcec                rfsndmsg
 .text          0x8100bd90      0x22c binaries/rfsopen.o
                0x8100bd90                rfsopen
 .text          0x8100bfbc       0x8c binaries/spicontrol.o
                0x8100bfbc                spicontrol
 .text          0x8100c048       0xa8 binaries/spiinit.o
                0x8100c048                spiinit
 .text          0x8100c0f0      0x714 binaries/arp.o
                0x8100c0f0                arp_init
                0x8100c110                arp_alloc
                0x8100c1e4                arp_ntoh
                0x8100c288                arp_hton
                0x8100c32c                arp_resolve
                0x8100c590                arp_in
 .text          0x8100c804      0x6b0 binaries/dhcp.o
                0x8100c804                dhcp_get_opt_val
                0x8100c864                dhcp_bld_bootp_msg
                0x8100c95c                dhcp_bld_disc
                0x8100c9b0                dhcp_bld_req
                0x8100ca74                getlocalip
 .text          0x8100ceb4      0x56c binaries/dns.o
                0x8100cf9c                dnslookup
 .text          0x8100d420      0x120 binaries/dot2ip.o
                0x8100d420                dot2ip
 .text          0x8100d540      0x33c binaries/hexdump.o
                0x8100d540                hexdump
                0x8100d6a0                hexadump
 .text          0x8100d87c      0x660 binaries/icmp.o
                0x8100d87c                icmp_init
                0x8100d8a0                icmp_register
                0x8100d95c                icmp_recv
                0x8100daac                icmp_mkpkt
                0x8100db9c                icmp_in
                0x8100dce8                icmp_send
                0x8100dd58                icmp_release
                0x8100de14                icmp_cksum
                0x8100de74                icmp_hton
                0x8100dea8                icmp_ntoh
 .text          0x8100dedc      0x6b4 binaries/ip.o
                0x8100dedc                ip_local
                0x8100df40                ipcksum
                0x8100df84                ip_ntoh
                0x8100e028                ip_in
                0x8100e170                ip_hton
                0x8100e214                ip_out
                0x8100e2c8                ip_send
                0x8100e3f8                ipout
                0x8100e4f4                ip_enqueue
 .text          0x8100e590      0x228 binaries/net.o
                0x8100e590                net_init
                0x8100e698                eth_hton
                0x8100e6ac                eth_ntoh
                0x8100e6c0                netin
                0x8100e768                getport
 .text          0x8100e7b8      0x9dc binaries/pdump.o
                0x8100e7b8                pdump
                0x8100ed44                pdumph
 .text          0x8100f194      0x56c binaries/tftp.o
                0x8100f194                tftp_send1
                0x8100f280                tftpget_mb
                0x8100f6cc                tftpget
 .text          0x8100f700      0x8d8 binaries/udp.o
                0x8100f700                udp_init
                0x8100f728                udp_in
                0x8100f85c                udp_register
                0x8100f958                udp_recv
                0x8100fa8c                udp_recvaddr
                0x8100fbdc                udp_send
                0x8100fd54                udp_sendto
                0x8100feb4                udp_release
                0x8100ff70                udp_ntoh
                0x8100ffa4                udp_hton
 .text          0x8100ffd8      0x120 binaries/addargs.o
                0x8100ffd8                addargs
 .text          0x810100f8      0x2b4 binaries/lexan.o
                0x810100f8                lexan
 .text          0x810103ac      0x6ac binaries/shell.o
                0x810103ac                shell
 .text          0x81010a58       0x64 binaries/xsh_argecho.o
                0x81010a58                xsh_argecho
 .text          0x81010abc      0x1f8 binaries/xsh_arp.o
                0x81010abc                xsh_arp
 .text          0x81010cb4      0x23c binaries/xsh_cat.o
                0x81010cb4                xsh_cat
 .text          0x81010ef0       0x5c binaries/xsh_clear.o
                0x81010ef0                xsh_clear
 .text          0x81010f4c      0x29c binaries/xsh_date.o
                0x81010f4c                xsh_date
 .text          0x810111e8       0x98 binaries/xsh_devdump.o
                0x810111e8                xsh_devdump
 .text          0x81011280       0x68 binaries/xsh_echo.o
                0x81011280                xsh_echo
 .text          0x810112e8        0x8 binaries/xsh_exit.o
                0x810112e8                xsh_exit
 .text          0x810112f0      0x3d0 binaries/xsh_help.o
                0x810112f0                xsh_help
 .text          0x810116c0      0x1f8 binaries/xsh_kill.o
                0x810116c0                xsh_kill
 .text          0x810118b8      0x490 binaries/xsh_memdump.o
                0x810119b4                xsh_memdump
 .text          0x81011d48      0x224 binaries/xsh_memstat.o
                0x81011d48                xsh_memstat
 .text          0x81011f6c      0x3fc binaries/xsh_netinfo.o
                0x81011f6c                xsh_netinfo
 .text          0x81012368      0x3b0 binaries/xsh_ping.o
                0x81012368                xsh_ping
 .text          0x81012718      0x220 binaries/xsh_ps.o
                0x81012718                xsh_ps
 .text          0x81012938      0x1cc binaries/xsh_sleep.o
                0x81012938                xsh_sleep
 .text          0x81012b04      0x244 binaries/xsh_udpdump.o
                0x81012b04                xsh_udpdump
 .text          0x81012d48      0x400 binaries/xsh_udpecho.o
                0x81012d48                xsh_udpecho
 .text          0x81013148      0x254 binaries/xsh_udpserver.o
                0x81013148                xsh_udpeserver
 .text          0x8101339c      0x1ac binaries/xsh_uptime.o
                0x8101339c                xsh_uptime
 .text          0x81013548       0x2c binaries/ctxsw.o
                0x81013548                ctxsw
 .text          0x81013574      0x100 binaries/intr.o
                0x81013574                disable
                0x81013580                restore
                0x810135a4                enable
                0x810135ac                pause
                0x810135ac                halt
                0x810135b4                irq_except
                0x810135e4                initevec
                0x81013644                expjmpinstr
 .text          0x81013674      0x114 ../cross_compiler/lib/gcc/arm-none-eabi/4.8.1//libgcc.a(_udivsi3.o)
                0x81013674                __udivsi3
                0x81013674                __aeabi_uidiv
                0x81013768                __aeabi_uidivmod
 .text          0x81013788      0x148 ../cross_compiler/lib/gcc/arm-none-eabi/4.8.1//libgcc.a(_divsi3.o)
                0x81013788                __aeabi_idiv
                0x81013788                __divsi3
                0x810138b0                __aeabi_idivmod
 .text          0x810138d0        0x4 ../cross_compiler/lib/gcc/arm-none-eabi/4.8.1//libgcc.a(_dvmd_tls.o)
                0x810138d0                __aeabi_ldiv0
                0x810138d0                __aeabi_idiv0
 .text          0x810138d4      0x41c ../cross_compiler/lib/gcc/arm-none-eabi/4.8.1//libgcc.a(_arm_addsubdf3.o)
                0x810138d4                __aeabi_drsub
                0x810138dc                __aeabi_dsub
                0x810138dc                __subdf3
                0x810138e0                __adddf3
                0x810138e0                __aeabi_dadd
                0x81013bf0                __aeabi_ui2d
                0x81013bf0                __floatunsidf
                0x81013c14                __floatsidf
                0x81013c14                __aeabi_i2d
                0x81013c3c                __extendsfdf2
                0x81013c3c                __aeabi_f2d
                0x81013c7c                __aeabi_ul2d
                0x81013c7c                __floatundidf
                0x81013c90                __floatdidf
                0x81013c90                __aeabi_l2d
 .text          0x81013cf0      0x49c ../cross_compiler/lib/gcc/arm-none-eabi/4.8.1//libgcc.a(_arm_muldivdf3.o)
                0x81013cf0                __aeabi_dmul
                0x81013cf0                __muldf3
                0x81013f80                __aeabi_ddiv
                0x81013f80                __divdf3
 .text          0x8101418c      0x144 ../cross_compiler/lib/gcc/arm-none-eabi/4.8.1//libgcc.a(_arm_cmpdf2.o)
                0x8101418c                __gtdf2
                0x8101418c                __gedf2
                0x81014194                __ltdf2
                0x81014194                __ledf2
                0x8101419c                __cmpdf2
                0x8101419c                __eqdf2
                0x8101419c                __nedf2
                0x81014224                __aeabi_cdrcmple
                0x81014240                __aeabi_cdcmple
                0x81014240                __aeabi_cdcmpeq
                0x81014258                __aeabi_dcmpeq
                0x81014270                __aeabi_dcmplt
                0x81014288                __aeabi_dcmple
                0x810142a0                __aeabi_dcmpge
                0x810142b8                __aeabi_dcmpgt
 .text          0x810142d0       0x5c ../cross_compiler/lib/gcc/arm-none-eabi/4.8.1//libgcc.a(_arm_fixdfsi.o)
                0x810142d0                __fixdfsi
                0x810142d0                __aeabi_d2iz
 .text          0x8101432c       0xa0 ../cross_compiler/lib/gcc/arm-none-eabi/4.8.1//libgcc.a(_arm_truncdfsf2.o)
                0x8101432c                __aeabi_d2f
                0x8101432c                __truncdfsf2
 .text          0x810143cc      0x2ac ../cross_compiler/lib/gcc/arm-none-eabi/4.8.1//libgcc.a(_arm_addsubsf3.o)
                0x810143cc                __aeabi_frsub
                0x810143d4                __subsf3
                0x810143d4                __aeabi_fsub
                0x810143d8                __aeabi_fadd
                0x810143d8                __addsf3
                0x81014594                __aeabi_ui2f
                0x81014594                __floatunsisf
                0x8101459c                __aeabi_i2f
                0x8101459c                __floatsisf
                0x810145bc                __floatundisf
                0x810145bc                __aeabi_ul2f
                0x810145cc                __floatdisf
                0x810145cc                __aeabi_l2f
 .text          0x81014678      0x2f8 ../cross_compiler/lib/gcc/arm-none-eabi/4.8.1//libgcc.a(_arm_muldivsf3.o)
                0x81014678                __mulsf3
                0x81014678                __aeabi_fmul
                0x81014810                __divsf3
                0x81014810                __aeabi_fdiv
 .text          0x81014970       0x54 ../cross_compiler/lib/gcc/arm-none-eabi/4.8.1//libgcc.a(_arm_fixunssfsi.o)
                0x81014970                __aeabi_f2uiz
                0x81014970                __fixunssfsi
 *(.rodata .rodata.*)
 .rodata.str1.4
                0x810149c4       0x78 binaries/ascdate.o
 .rodata.str1.4
                0x81014a3c       0xe0 binaries/conf.o
 .rodata.str1.4
                0x81014b1c       0x61 binaries/getutime.o
                                 0x64 (size before relaxing)
 *fill*         0x81014b7d        0x3 
 .rodata        0x81014b80      0x100 binaries/initialize.o
 .rodata.str1.4
                0x81014c80      0x18c binaries/initialize.o
                                0x190 (size before relaxing)
 .rodata        0x81014e0c      0x100 binaries/main.o
 .rodata.str1.4
                0x81014f0c      0x204 binaries/main.o
                                0x234 (size before relaxing)
 .rodata.str1.4
                0x81015110        0xf binaries/panic.o
                                 0x10 (size before relaxing)
 *fill*         0x8101511f        0x1 
 .rodata.str1.4
                0x81015120       0x1d binaries/ptinit.o
                                 0x20 (size before relaxing)
 *fill*         0x8101513d        0x3 
 .rodata.str1.4
                0x81015140       0x25 binaries/ptsend.o
                                 0x28 (size before relaxing)
 *fill*         0x81015165        0x3 
 .rodata.str1.4
                0x81015168       0x27 binaries/xdone.o
                                 0x28 (size before relaxing)
 *fill*         0x8101518f        0x1 
 .rodata        0x81015190       0x84 binaries/ctype_.o
                0x81015190                _ctype_
 .rodata.str1.4
                0x81015214       0x2f binaries/doprnt.o
                                 0x30 (size before relaxing)
 .rodata.str1.4
                0x00000000       0x30 binaries/fdoprnt.o
 *fill*         0x81015243        0x1 
 .rodata.str1.4
                0x81015244       0x86 binaries/naminit.o
                                 0x90 (size before relaxing)
 *fill*         0x810152ca        0x2 
 .rodata.str1.4
                0x810152cc       0xe5 binaries/ethinit.o
                                 0xe8 (size before relaxing)
 *fill*         0x810153b1        0x3 
 .rodata.str1.4
                0x810153b4       0x42 binaries/ethread.o
                                 0x44 (size before relaxing)
 *fill*         0x810153f6        0x2 
 .rodata.str1.4
                0x810153f8       0x35 binaries/gpio_handler.o
                                 0x38 (size before relaxing)
 *fill*         0x8101542d        0x3 
 .rodata        0x81015430      0x380 binaries/gpio_init.o
                0x81015430                control_module
                0x81015630                module
                0x81015640                pin_map
 .rodata.str1.4
                0x810157b0      0x15f binaries/gpio_init.o
                                0x160 (size before relaxing)
 *fill*         0x8101590f        0x1 
 .rodata.str1.4
                0x81015910      0x113 binaries/gpio_read.o
                                0x14c (size before relaxing)
 *fill*         0x81015a23        0x1 
 .rodata.str1.4
                0x81015a24       0xa0 binaries/gpio_write.o
                                 0xb8 (size before relaxing)
 .rodata.str1.4
                0x81015ac4       0x15 binaries/adchandler.o
                                 0x18 (size before relaxing)
 *fill*         0x81015ad9        0x3 
 .rodata.str1.4
                0x81015adc       0x36 binaries/adcinit.o
                                 0x38 (size before relaxing)
 *fill*         0x81015b12        0x2 
 .rodata.str1.4
                0x81015b14       0x5a binaries/adcread.o
                                 0x5c (size before relaxing)
 *fill*         0x81015b6e        0x2 
 .rodata.str1.4
                0x81015b70       0x2c binaries/rdsbufalloc.o
 .rodata.str1.4
                0x81015b9c       0x76 binaries/rdscomm.o
                                 0x78 (size before relaxing)
 *fill*         0x81015c12        0x2 
 .rodata.str1.4
                0x81015c14       0x48 binaries/rdscontrol.o
 .rodata.str1.4
                0x81015c5c       0x96 binaries/rdsinit.o
                                 0x98 (size before relaxing)
 *fill*         0x81015cf2        0x2 
 .rodata.str1.4
                0x81015cf4       0x22 binaries/rdsopen.o
                                 0x24 (size before relaxing)
 *fill*         0x81015d16        0x2 
 .rodata.str1.4
                0x81015d18       0x4d binaries/rdsprocess.o
                                 0x50 (size before relaxing)
 *fill*         0x81015d65        0x3 
 .rodata.str1.4
                0x81015d68        0x9 binaries/raminit.o
                                  0xc (size before relaxing)
 *fill*         0x81015d71        0x3 
 .rodata.str1.4
                0x81015d74       0x37 binaries/lfdballoc.o
                                 0x38 (size before relaxing)
 *fill*         0x81015dab        0x1 
 .rodata.str1.4
                0x81015dac       0x14 binaries/lfiballoc.o
 .rodata.str1.4
                0x81015dc0       0x23 binaries/lflcontrol.o
                                 0x24 (size before relaxing)
 *fill*         0x81015de3        0x1 
 .rodata.str1.4
                0x81015de4      0x11f binaries/lfsckfmt.o
                                0x120 (size before relaxing)
 *fill*         0x81015f03        0x1 
 .rodata.str1.4
                0x81015f04       0x2a binaries/lfsopen.o
                                 0x2c (size before relaxing)
 *fill*         0x81015f2e        0x2 
 .rodata.str1.4
                0x81015f30       0x21 binaries/rflread.o
                                 0x24 (size before relaxing)
 .rodata.str1.4
                0x00000000       0x24 binaries/rflwrite.o
 *fill*         0x81015f51        0x3 
 .rodata.str1.4
                0x81015f54       0x75 binaries/rfscomm.o
                                 0x78 (size before relaxing)
 *fill*         0x81015fc9        0x3 
 .rodata.str1.4
                0x81015fcc       0x23 binaries/rfscontrol.o
                                 0x24 (size before relaxing)
 *fill*         0x81015fef        0x1 
 .rodata.str1.4
                0x81015ff0       0x63 binaries/rfsinit.o
                                 0x64 (size before relaxing)
 *fill*         0x81016053        0x1 
 .rodata.str1.4
                0x81016054       0x2a binaries/rfsndmsg.o
                                 0x2c (size before relaxing)
 .rodata.str1.4
                0x00000000       0x24 binaries/rfsopen.o
 *fill*         0x8101607e        0x2 
 .rodata.str1.4
                0x81016080       0x3d binaries/arp.o
                                 0x40 (size before relaxing)
 *fill*         0x810160bd        0x3 
 .rodata.str1.4
                0x810160c0       0xd3 binaries/dhcp.o
                                 0xd4 (size before relaxing)
 *fill*         0x81016193        0x1 
 .rodata.str1.4
                0x81016194       0x1a binaries/dns.o
                                 0x1c (size before relaxing)
 *fill*         0x810161ae        0x2 
 .rodata.str1.4
                0x810161b0       0xca binaries/hexdump.o
                                 0xd8 (size before relaxing)
 *fill*         0x8101627a        0x2 
 .rodata.str1.4
                0x8101627c       0x29 binaries/icmp.o
                                 0x2c (size before relaxing)
 *fill*         0x810162a5        0x3 
 .rodata.str1.4
                0x810162a8       0xb2 binaries/ip.o
                                 0xb4 (size before relaxing)
 *fill*         0x8101635a        0x2 
 .rodata.str1.4
                0x8101635c       0x53 binaries/net.o
                                 0x54 (size before relaxing)
 *fill*         0x810163af        0x1 
 .rodata.str1.4
                0x810163b0      0x292 binaries/pdump.o
                                0x298 (size before relaxing)
 *fill*         0x81016642        0x2 
 .rodata.str1.4
                0x81016644      0x154 binaries/tftp.o
                                0x158 (size before relaxing)
 .rodata.str1.4
                0x81016798       0x38 binaries/udp.o
 .rodata        0x810167d0       0xfc binaries/shell.o
                0x810167d0                cmdtab
 .rodata.str1.4
                0x810168cc      0x2e6 binaries/shell.o
                                0x2f0 (size before relaxing)
 *fill*         0x81016bb2        0x2 
 .rodata.str1.4
                0x81016bb4       0x29 binaries/xsh_argecho.o
                                 0x30 (size before relaxing)
 *fill*         0x81016bdd        0x3 
 .rodata.str1.4
                0x81016be0      0x13e binaries/xsh_arp.o
                                0x144 (size before relaxing)
 *fill*         0x81016d1e        0x2 
 .rodata.str1.4
                0x81016d20       0x81 binaries/xsh_cat.o
                                 0xd4 (size before relaxing)
 *fill*         0x81016da1        0x3 
 .rodata.str1.4
                0x81016da4       0x19 binaries/xsh_clear.o
                                 0x1c (size before relaxing)
 *fill*         0x81016dbd        0x3 
 .rodata.str1.4
                0x81016dc0      0x1af binaries/xsh_date.o
                                0x1cc (size before relaxing)
 *fill*         0x81016f6f        0x1 
 .rodata.str1.4
                0x81016f70       0x61 binaries/xsh_devdump.o
                                 0x64 (size before relaxing)
 *fill*         0x81016fd1        0x3 
 .rodata.str1.4
                0x81016fd4        0x4 binaries/xsh_echo.o
                                  0xc (size before relaxing)
 .rodata.str1.4
                0x81016fd8       0xe7 binaries/xsh_help.o
                                0x17c (size before relaxing)
 *fill*         0x810170bf        0x1 
 .rodata.str1.4
                0x810170c0       0xc8 binaries/xsh_kill.o
                                0x138 (size before relaxing)
 .rodata.str1.4
                0x81017188      0x226 binaries/xsh_memdump.o
                                0x27c (size before relaxing)
 *fill*         0x810173ae        0x2 
 .rodata.str1.4
                0x810173b0      0x1cc binaries/xsh_memstat.o
                                0x234 (size before relaxing)
 .rodata.str1.4
                0x8101757c      0x10f binaries/xsh_netinfo.o
                                0x1cc (size before relaxing)
 *fill*         0x8101768b        0x1 
 .rodata.str1.4
                0x8101768c      0x13f binaries/xsh_ping.o
                                0x1b4 (size before relaxing)
 *fill*         0x810177cb        0x1 
 .rodata        0x810177cc       0x20 binaries/xsh_ps.o
 .rodata.str1.4
                0x810177ec      0x11a binaries/xsh_ps.o
                                0x1d4 (size before relaxing)
 *fill*         0x81017906        0x2 
 .rodata.str1.4
                0x81017908       0x5e binaries/xsh_sleep.o
                                 0xf8 (size before relaxing)
 *fill*         0x81017966        0x2 
 .rodata        0x81017968        0xc binaries/xsh_udpdump.o
 .rodata.str1.4
                0x81017974      0x122 binaries/xsh_udpdump.o
                                0x1e0 (size before relaxing)
 *fill*         0x81017a96        0x2 
 .rodata.str1.4
                0x81017a98      0x1ae binaries/xsh_udpecho.o
                                0x224 (size before relaxing)
 *fill*         0x81017c46        0x2 
 .rodata.str1.4
                0x81017c48       0x97 binaries/xsh_udpserver.o
                                0x13c (size before relaxing)
 *fill*         0x81017cdf        0x1 
 .rodata.str1.4
                0x81017ce0       0x78 binaries/xsh_uptime.o
                                0x114 (size before relaxing)
                0x81017d58                etext = ABSOLUTE (.)
                0x81018000                . = ALIGN (0x1000)
 *fill*         0x81017d58      0x2a8 

.glue_7         0x81018000        0x0
 .glue_7        0x00000000        0x0 linker stubs

.glue_7t        0x81018000        0x0
 .glue_7t       0x00000000        0x0 linker stubs

.vfp11_veneer   0x81018000        0x0
 .vfp11_veneer  0x00000000        0x0 linker stubs

.v4_bx          0x81018000        0x0
 .v4_bx         0x00000000        0x0 linker stubs

.iplt           0x81018000        0x0
 .iplt          0x00000000        0x0 binaries/start.o

.rel.dyn        0x81018000        0x0
 .rel.iplt      0x00000000        0x0 binaries/start.o

.data           0x81018000     0x1000
                0x81018000                data = ABSOLUTE (.)
 *(.data .data.*)
 .data          0x81018000        0x0 binaries/start.o
 .data          0x81018000       0x88 binaries/ascdate.o
                0x81018000                Date
 .data          0x81018088        0x0 binaries/bufinit.o
 .data          0x81018088        0x0 binaries/chprio.o
 .data          0x81018088        0x4 binaries/clkhandler.o
 .data          0x8101808c        0x0 binaries/clkinit.o
 .data          0x8101808c        0x0 binaries/close.o
 .data          0x8101808c      0x654 binaries/conf.o
                0x8101808c                devtab
 .data          0x810186e0        0x0 binaries/control.o
 .data          0x810186e0        0x4 binaries/create.o
 .data          0x810186e4       0x40 binaries/evec.o
                0x810186e4                expmsg2
                0x810186f8                expmsg1
 .data          0x81018724        0x0 binaries/exit.o
 .data          0x81018724        0x0 binaries/freebuf.o
 .data          0x81018724        0x0 binaries/freemem.o
 .data          0x81018724        0x0 binaries/getbuf.o
 .data          0x81018724        0x0 binaries/getc.o
 .data          0x81018724        0x0 binaries/getdev.o
 .data          0x81018724        0x0 binaries/getitem.o
 .data          0x81018724        0x0 binaries/getmem.o
 .data          0x81018724        0x0 binaries/getpid.o
 .data          0x81018724        0x0 binaries/getprio.o
 .data          0x81018724        0x0 binaries/getstk.o
 .data          0x81018724        0x0 binaries/getticks.o
 .data          0x81018724        0x0 binaries/gettime.o
 .data          0x81018724        0x0 binaries/getutime.o
 .data          0x81018724        0x0 binaries/init.o
 .data          0x81018724        0x0 binaries/initialize.o
 .data          0x81018724        0x0 binaries/insert.o
 .data          0x81018724        0x0 binaries/insertd.o
 .data          0x81018724        0x0 binaries/ioerr.o
 .data          0x81018724        0x0 binaries/ionull.o
 .data          0x81018724        0x0 binaries/kill.o
 .data          0x81018724        0x0 binaries/kprintf.o
 .data          0x81018724        0x0 binaries/main.o
 .data          0x81018724        0x0 binaries/mark.o
 .data          0x81018724        0x0 binaries/meminit.o
 .data          0x81018724        0x0 binaries/mkbufpool.o
 .data          0x81018724        0x2 binaries/newqueue.o
 .data          0x81018726        0x0 binaries/open.o
 .data          0x81018726        0x0 binaries/panic.o
 .data          0x81018726        0x0 binaries/platinit.o
 .data          0x81018726        0x0 binaries/ptclear.o
 .data          0x81018726        0x0 binaries/ptcount.o
 .data          0x81018726        0x0 binaries/ptcreate.o
 .data          0x81018726        0x0 binaries/ptdelete.o
 .data          0x81018726        0x0 binaries/ptinit.o
 .data          0x81018726        0x0 binaries/ptrecv.o
 .data          0x81018726        0x0 binaries/ptreset.o
 .data          0x81018726        0x0 binaries/ptsend.o
 .data          0x81018726        0x0 binaries/putc.o
 .data          0x81018726        0x0 binaries/queue.o
 .data          0x81018726        0x0 binaries/read.o
 .data          0x81018726        0x0 binaries/ready.o
 .data          0x81018726        0x0 binaries/receive.o
 .data          0x81018726        0x0 binaries/recvclr.o
 .data          0x81018726        0x0 binaries/recvtime.o
 .data          0x81018726        0x0 binaries/resched.o
 .data          0x81018726        0x0 binaries/resume.o
 .data          0x81018726        0x0 binaries/seek.o
 .data          0x81018726        0x0 binaries/semcount.o
 .data          0x81018726        0x0 binaries/semcreate.o
 .data          0x81018726        0x0 binaries/semdelete.o
 .data          0x81018726        0x0 binaries/semreset.o
 .data          0x81018726        0x0 binaries/send.o
 .data          0x81018726        0x0 binaries/signal.o
 .data          0x81018726        0x0 binaries/signaln.o
 .data          0x81018726        0x0 binaries/sleep.o
 .data          0x81018726        0x0 binaries/suspend.o
 .data          0x81018726        0x0 binaries/unsleep.o
 .data          0x81018726        0x0 binaries/userret.o
 .data          0x81018726        0x0 binaries/wait.o
 .data          0x81018726        0x0 binaries/wakeup.o
 .data          0x81018726        0x0 binaries/write.o
 .data          0x81018726        0x0 binaries/xdone.o
 .data          0x81018726        0x0 binaries/yield.o
 .data          0x81018726        0x0 binaries/abs.o
 .data          0x81018726        0x0 binaries/atoi.o
 .data          0x81018726        0x0 binaries/atol.o
 .data          0x81018726        0x0 binaries/bzero.o
 .data          0x81018726        0x0 binaries/ctype_.o
 .data          0x81018726        0x0 binaries/doprnt.o
 *fill*         0x81018726        0x2 
 .data          0x81018728       0x80 binaries/doscan.o
                0x81018728                _sctab
 .data          0x810187a8        0x0 binaries/fdoprnt.o
 .data          0x810187a8        0x0 binaries/fgetc.o
 .data          0x810187a8        0x0 binaries/fgets.o
 .data          0x810187a8        0x0 binaries/fprintf.o
 .data          0x810187a8        0x0 binaries/fputc.o
 .data          0x810187a8        0x0 binaries/fputs.o
 .data          0x810187a8        0x0 binaries/fscanf.o
 .data          0x810187a8        0x0 binaries/getchar.o
 .data          0x810187a8        0x0 binaries/labs.o
 .data          0x810187a8        0x0 binaries/memchr.o
 .data          0x810187a8        0x0 binaries/memcmp.o
 .data          0x810187a8        0x0 binaries/memcpy.o
 .data          0x810187a8        0x0 binaries/memset.o
 .data          0x810187a8        0x0 binaries/printf.o
 .data          0x810187a8        0x0 binaries/putchar.o
 .data          0x810187a8        0x0 binaries/qsort.o
 .data          0x810187a8        0x4 binaries/rand.o
 .data          0x810187ac        0x0 binaries/sprintf.o
 .data          0x810187ac        0x0 binaries/sscanf.o
 .data          0x810187ac        0x0 binaries/strchr.o
 .data          0x810187ac        0x0 binaries/strcmp.o
 .data          0x810187ac        0x0 binaries/strcpy.o
 .data          0x810187ac        0x0 binaries/strlen.o
 .data          0x810187ac        0x0 binaries/strncat.o
 .data          0x810187ac        0x0 binaries/strncmp.o
 .data          0x810187ac        0x0 binaries/strncpy.o
 .data          0x810187ac        0x0 binaries/strnlen.o
 .data          0x810187ac        0x0 binaries/strrchr.o
 .data          0x810187ac        0x0 binaries/strstr.o
 .data          0x810187ac        0x0 binaries/ttycontrol.o
 .data          0x810187ac        0x0 binaries/ttygetc.o
 .data          0x810187ac        0x0 binaries/ttyhandle_in.o
 .data          0x810187ac        0x0 binaries/ttyhandle_out.o
 .data          0x810187ac        0x0 binaries/ttyhandler.o
 .data          0x810187ac        0x0 binaries/ttyinit.o
 .data          0x810187ac        0x0 binaries/ttykickout.o
 .data          0x810187ac        0x0 binaries/ttyputc.o
 .data          0x810187ac        0x0 binaries/ttyread.o
 .data          0x810187ac        0x0 binaries/ttywrite.o
 .data          0x810187ac        0x0 binaries/mount.o
 .data          0x810187ac        0x0 binaries/naminit.o
 .data          0x810187ac        0x0 binaries/nammap.o
 .data          0x810187ac        0x0 binaries/namopen.o
 .data          0x810187ac        0x0 binaries/ethcontrol.o
 .data          0x810187ac        0x0 binaries/ethhandler.o
 .data          0x810187ac        0x0 binaries/ethinit.o
 .data          0x810187ac        0x0 binaries/ethread.o
 .data          0x810187ac        0x0 binaries/ethwrite.o
 .data          0x810187ac        0x0 binaries/gpio_handler.o
 .data          0x810187ac        0x0 binaries/gpio_init.o
 .data          0x810187ac        0x0 binaries/gpio_read.o
 .data          0x810187ac        0x0 binaries/gpio_write.o
 .data          0x810187ac        0x0 binaries/adchandler.o
 .data          0x810187ac        0x0 binaries/adcinit.o
 .data          0x810187ac        0x0 binaries/adcread.o
 .data          0x810187ac        0x0 binaries/adcsysctrl.o
 .data          0x810187ac        0x0 binaries/rdsbufalloc.o
 .data          0x810187ac        0x0 binaries/rdsclose.o
 .data          0x810187ac        0x0 binaries/rdscomm.o
 .data          0x810187ac        0x0 binaries/rdscontrol.o
 .data          0x810187ac        0x0 binaries/rdsinit.o
 .data          0x810187ac        0x0 binaries/rdsopen.o
 .data          0x810187ac        0x0 binaries/rdsprocess.o
 .data          0x810187ac        0x0 binaries/rdsread.o
 .data          0x810187ac        0x0 binaries/rdswrite.o
 .data          0x810187ac        0x0 binaries/ramclose.o
 .data          0x810187ac        0x0 binaries/raminit.o
 .data          0x810187ac        0x0 binaries/ramopen.o
 .data          0x810187ac        0x0 binaries/ramread.o
 .data          0x810187ac        0x0 binaries/ramwrite.o
 .data          0x810187ac        0x0 binaries/lfdballoc.o
 .data          0x810187ac        0x0 binaries/lfdbfree.o
 .data          0x810187ac        0x0 binaries/lfflush.o
 .data          0x810187ac        0x0 binaries/lfgetmode.o
 .data          0x810187ac        0x0 binaries/lfiballoc.o
 .data          0x810187ac        0x0 binaries/lfibclear.o
 .data          0x810187ac        0x0 binaries/lfibget.o
 .data          0x810187ac        0x0 binaries/lfibput.o
 .data          0x810187ac        0x0 binaries/lflclose.o
 .data          0x810187ac        0x0 binaries/lflcontrol.o
 .data          0x810187ac        0x0 binaries/lflgetc.o
 .data          0x810187ac        0x0 binaries/lflinit.o
 .data          0x810187ac        0x0 binaries/lflputc.o
 .data          0x810187ac        0x0 binaries/lflread.o
 .data          0x810187ac        0x0 binaries/lflseek.o
 .data          0x810187ac        0x0 binaries/lflwrite.o
 .data          0x810187ac        0x0 binaries/lfscheck.o
 .data          0x810187ac        0x0 binaries/lfsckfmt.o
 .data          0x810187ac        0x0 binaries/lfscreate.o
 .data          0x810187ac        0x0 binaries/lfsetup.o
 .data          0x810187ac        0x0 binaries/lfsinit.o
 .data          0x810187ac        0x0 binaries/lfsopen.o
 .data          0x810187ac        0x0 binaries/lftruncate.o
 .data          0x810187ac        0x0 binaries/rflclose.o
 .data          0x810187ac        0x0 binaries/rflgetc.o
 .data          0x810187ac        0x0 binaries/rflinit.o
 .data          0x810187ac        0x0 binaries/rflputc.o
 .data          0x810187ac        0x0 binaries/rflread.o
 .data          0x810187ac        0x0 binaries/rflseek.o
 .data          0x810187ac        0x0 binaries/rflwrite.o
 .data          0x810187ac        0x0 binaries/rfscomm.o
 .data          0x810187ac        0x0 binaries/rfscontrol.o
 .data          0x810187ac        0x0 binaries/rfsgetmode.o
 .data          0x810187ac        0x0 binaries/rfsinit.o
 .data          0x810187ac        0x0 binaries/rfsndmsg.o
 .data          0x810187ac        0x0 binaries/rfsopen.o
 .data          0x810187ac        0x0 binaries/spicontrol.o
 .data          0x810187ac        0x0 binaries/spiinit.o
 .data          0x810187ac        0x0 binaries/arp.o
 .data          0x810187ac        0x0 binaries/dhcp.o
 .data          0x810187ac        0x0 binaries/dns.o
 .data          0x810187ac        0x0 binaries/dot2ip.o
 .data          0x810187ac        0x0 binaries/hexdump.o
 .data          0x810187ac        0x4 binaries/icmp.o
 .data          0x810187b0        0x0 binaries/ip.o
 .data          0x810187b0        0x0 binaries/net.o
 .data          0x810187b0        0x0 binaries/pdump.o
 .data          0x810187b0        0x0 binaries/tftp.o
 .data          0x810187b0        0x4 binaries/udp.o
 .data          0x810187b4        0x0 binaries/addargs.o
 .data          0x810187b4        0x0 binaries/lexan.o
 .data          0x810187b4        0x4 binaries/shell.o
                0x810187b4                ncmd
 .data          0x810187b8        0x0 binaries/xsh_argecho.o
 .data          0x810187b8        0x0 binaries/xsh_arp.o
 .data          0x810187b8        0x0 binaries/xsh_cat.o
 .data          0x810187b8        0x0 binaries/xsh_clear.o
 .data          0x810187b8        0x0 binaries/xsh_date.o
 .data          0x810187b8        0x0 binaries/xsh_devdump.o
 .data          0x810187b8        0x0 binaries/xsh_echo.o
 .data          0x810187b8        0x0 binaries/xsh_exit.o
 .data          0x810187b8        0x0 binaries/xsh_help.o
 .data          0x810187b8        0x0 binaries/xsh_kill.o
 .data          0x810187b8        0x0 binaries/xsh_memdump.o
 .data          0x810187b8        0x0 binaries/xsh_memstat.o
 .data          0x810187b8        0x0 binaries/xsh_netinfo.o
 .data          0x810187b8        0x0 binaries/xsh_ping.o
 .data          0x810187b8        0x0 binaries/xsh_ps.o
 .data          0x810187b8        0x0 binaries/xsh_sleep.o
 .data          0x810187b8        0x0 binaries/xsh_udpdump.o
 .data          0x810187b8        0x0 binaries/xsh_udpecho.o
 .data          0x810187b8        0x0 binaries/xsh_udpserver.o
 .data          0x810187b8        0x0 binaries/xsh_uptime.o
 .data          0x810187b8        0x0 binaries/ctxsw.o
 .data          0x810187b8        0x0 binaries/intr.o
 .data          0x810187b8        0x0 ../cross_compiler/lib/gcc/arm-none-eabi/4.8.1//libgcc.a(_udivsi3.o)
 .data          0x810187b8        0x0 ../cross_compiler/lib/gcc/arm-none-eabi/4.8.1//libgcc.a(_divsi3.o)
 .data          0x810187b8        0x0 ../cross_compiler/lib/gcc/arm-none-eabi/4.8.1//libgcc.a(_dvmd_tls.o)
 .data          0x810187b8        0x0 ../cross_compiler/lib/gcc/arm-none-eabi/4.8.1//libgcc.a(_arm_addsubdf3.o)
 .data          0x810187b8        0x0 ../cross_compiler/lib/gcc/arm-none-eabi/4.8.1//libgcc.a(_arm_muldivdf3.o)
 .data          0x810187b8        0x0 ../cross_compiler/lib/gcc/arm-none-eabi/4.8.1//libgcc.a(_arm_cmpdf2.o)
 .data          0x810187b8        0x0 ../cross_compiler/lib/gcc/arm-none-eabi/4.8.1//libgcc.a(_arm_fixdfsi.o)
 .data          0x810187b8        0x0 ../cross_compiler/lib/gcc/arm-none-eabi/4.8.1//libgcc.a(_arm_truncdfsf2.o)
 .data          0x810187b8        0x0 ../cross_compiler/lib/gcc/arm-none-eabi/4.8.1//libgcc.a(_arm_addsubsf3.o)
 .data          0x810187b8        0x0 ../cross_compiler/lib/gcc/arm-none-eabi/4.8.1//libgcc.a(_arm_muldivsf3.o)
 .data          0x810187b8        0x0 ../cross_compiler/lib/gcc/arm-none-eabi/4.8.1//libgcc.a(_arm_fixunssfsi.o)
                0x810187b8                edata = ABSOLUTE (.)
                0x81019000                . = ALIGN (0x1000)
 *fill*         0x810187b8      0x848 

.igot.plt       0x81019000        0x0
 .igot.plt      0x00000000        0x0 binaries/start.o

.bss            0x81019000    0x20000
                0x81019000                bss = ABSOLUTE (.)
 *(.bss .bss.*)
 .bss           0x81019000        0x0 binaries/start.o
 .bss           0x81019000        0x0 binaries/ascdate.o
 .bss           0x81019000        0x0 binaries/bufinit.o
 .bss           0x81019000        0x0 binaries/chprio.o
 .bss           0x81019000        0x0 binaries/clkhandler.o
 .bss           0x81019000        0x4 binaries/clkinit.o
                0x81019000                ctr1000
 .bss           0x81019004        0x0 binaries/close.o
 .bss           0x81019004        0x0 binaries/conf.o
 .bss           0x81019004        0x0 binaries/control.o
 .bss           0x81019004        0x0 binaries/create.o
 .bss           0x81019004        0x0 binaries/evec.o
 .bss           0x81019004        0x0 binaries/exit.o
 .bss           0x81019004        0x0 binaries/freebuf.o
 .bss           0x81019004        0x0 binaries/freemem.o
 .bss           0x81019004        0x0 binaries/getbuf.o
 .bss           0x81019004        0x0 binaries/getc.o
 .bss           0x81019004        0x0 binaries/getdev.o
 .bss           0x81019004        0x0 binaries/getitem.o
 .bss           0x81019004        0x0 binaries/getmem.o
 .bss           0x81019004        0x0 binaries/getpid.o
 .bss           0x81019004        0x0 binaries/getprio.o
 .bss           0x81019004        0x0 binaries/getstk.o
 .bss           0x81019004        0x0 binaries/getticks.o
 .bss           0x81019004        0x0 binaries/gettime.o
 .bss           0x81019004        0x0 binaries/getutime.o
 .bss           0x81019004        0x0 binaries/init.o
 .bss           0x81019004        0x0 binaries/initialize.o
 .bss           0x81019004        0x0 binaries/insert.o
 .bss           0x81019004        0x0 binaries/insertd.o
 .bss           0x81019004        0x0 binaries/ioerr.o
 .bss           0x81019004        0x0 binaries/ionull.o
 .bss           0x81019004        0x0 binaries/kill.o
 .bss           0x81019004        0x0 binaries/kprintf.o
 .bss           0x81019004        0x4 binaries/main.o
 .bss           0x81019008        0x0 binaries/mark.o
 .bss           0x81019008        0x0 binaries/meminit.o
 .bss           0x81019008        0x0 binaries/mkbufpool.o
 .bss           0x81019008        0x0 binaries/newqueue.o
 .bss           0x81019008        0x0 binaries/open.o
 .bss           0x81019008        0x0 binaries/panic.o
 .bss           0x81019008        0x0 binaries/platinit.o
 .bss           0x81019008        0x0 binaries/ptclear.o
 .bss           0x81019008        0x0 binaries/ptcount.o
 .bss           0x81019008        0x0 binaries/ptcreate.o
 .bss           0x81019008        0x0 binaries/ptdelete.o
 .bss           0x81019008        0x0 binaries/ptinit.o
 .bss           0x81019008        0x0 binaries/ptrecv.o
 .bss           0x81019008        0x0 binaries/ptreset.o
 .bss           0x81019008        0x0 binaries/ptsend.o
 .bss           0x81019008        0x0 binaries/putc.o
 .bss           0x81019008        0x0 binaries/queue.o
 .bss           0x81019008        0x0 binaries/read.o
 .bss           0x81019008        0x0 binaries/ready.o
 .bss           0x81019008        0x0 binaries/receive.o
 .bss           0x81019008        0x0 binaries/recvclr.o
 .bss           0x81019008        0x0 binaries/recvtime.o
 .bss           0x81019008        0x0 binaries/resched.o
 .bss           0x81019008        0x0 binaries/resume.o
 .bss           0x81019008        0x0 binaries/seek.o
 .bss           0x81019008        0x0 binaries/semcount.o
 .bss           0x81019008        0x4 binaries/semcreate.o
 .bss           0x8101900c        0x0 binaries/semdelete.o
 .bss           0x8101900c        0x0 binaries/semreset.o
 .bss           0x8101900c        0x0 binaries/send.o
 .bss           0x8101900c        0x0 binaries/signal.o
 .bss           0x8101900c        0x0 binaries/signaln.o
 .bss           0x8101900c        0x0 binaries/sleep.o
 .bss           0x8101900c        0x0 binaries/suspend.o
 .bss           0x8101900c        0x0 binaries/unsleep.o
 .bss           0x8101900c        0x0 binaries/userret.o
 .bss           0x8101900c        0x0 binaries/wait.o
 .bss           0x8101900c        0x0 binaries/wakeup.o
 .bss           0x8101900c        0x0 binaries/write.o
 .bss           0x8101900c        0x0 binaries/xdone.o
 .bss           0x8101900c        0x0 binaries/yield.o
 .bss           0x8101900c        0x0 binaries/abs.o
 .bss           0x8101900c        0x0 binaries/atoi.o
 .bss           0x8101900c        0x0 binaries/atol.o
 .bss           0x8101900c        0x0 binaries/bzero.o
 .bss           0x8101900c        0x0 binaries/ctype_.o
 .bss           0x8101900c        0x0 binaries/doprnt.o
 .bss           0x8101900c        0x0 binaries/doscan.o
 .bss           0x8101900c        0x0 binaries/fdoprnt.o
 .bss           0x8101900c        0x0 binaries/fgetc.o
 .bss           0x8101900c        0x0 binaries/fgets.o
 .bss           0x8101900c        0x0 binaries/fprintf.o
 .bss           0x8101900c        0x0 binaries/fputc.o
 .bss           0x8101900c        0x0 binaries/fputs.o
 .bss           0x8101900c        0x0 binaries/fscanf.o
 .bss           0x8101900c        0x0 binaries/getchar.o
 .bss           0x8101900c        0x0 binaries/labs.o
 .bss           0x8101900c        0x0 binaries/memchr.o
 .bss           0x8101900c        0x0 binaries/memcmp.o
 .bss           0x8101900c        0x0 binaries/memcpy.o
 .bss           0x8101900c        0x0 binaries/memset.o
 .bss           0x8101900c        0x0 binaries/printf.o
 .bss           0x8101900c        0x0 binaries/putchar.o
 .bss           0x8101900c        0x8 binaries/qsort.o
 .bss           0x81019014        0x0 binaries/rand.o
 .bss           0x81019014        0x0 binaries/sprintf.o
 .bss           0x81019014        0x0 binaries/sscanf.o
 .bss           0x81019014        0x0 binaries/strchr.o
 .bss           0x81019014        0x0 binaries/strcmp.o
 .bss           0x81019014        0x0 binaries/strcpy.o
 .bss           0x81019014        0x0 binaries/strlen.o
 .bss           0x81019014        0x0 binaries/strncat.o
 .bss           0x81019014        0x0 binaries/strncmp.o
 .bss           0x81019014        0x0 binaries/strncpy.o
 .bss           0x81019014        0x0 binaries/strnlen.o
 .bss           0x81019014        0x0 binaries/strrchr.o
 .bss           0x81019014        0x0 binaries/strstr.o
 .bss           0x81019014        0x0 binaries/ttycontrol.o
 .bss           0x81019014        0x0 binaries/ttygetc.o
 .bss           0x81019014        0x0 binaries/ttyhandle_in.o
 .bss           0x81019014        0x0 binaries/ttyhandle_out.o
 .bss           0x81019014        0x0 binaries/ttyhandler.o
 .bss           0x81019014        0x0 binaries/ttyinit.o
 .bss           0x81019014        0x0 binaries/ttykickout.o
 .bss           0x81019014        0x0 binaries/ttyputc.o
 .bss           0x81019014        0x0 binaries/ttyread.o
 .bss           0x81019014        0x0 binaries/ttywrite.o
 .bss           0x81019014        0x0 binaries/mount.o
 .bss           0x81019014        0x0 binaries/naminit.o
 .bss           0x81019014        0x0 binaries/nammap.o
 .bss           0x81019014        0x0 binaries/namopen.o
 .bss           0x81019014        0x0 binaries/ethcontrol.o
 .bss           0x81019014        0x0 binaries/ethhandler.o
 .bss           0x81019014        0x0 binaries/ethinit.o
 .bss           0x81019014        0x0 binaries/ethread.o
 .bss           0x81019014        0x0 binaries/ethwrite.o
 .bss           0x81019014        0x0 binaries/gpio_handler.o
 .bss           0x81019014        0x0 binaries/gpio_init.o
 .bss           0x81019014        0x0 binaries/gpio_read.o
 .bss           0x81019014        0x0 binaries/gpio_write.o
 .bss           0x81019014        0x0 binaries/adchandler.o
 .bss           0x81019014        0x0 binaries/adcinit.o
 .bss           0x81019014        0x0 binaries/adcread.o
 .bss           0x81019014        0x0 binaries/adcsysctrl.o
 .bss           0x81019014        0x0 binaries/rdsbufalloc.o
 .bss           0x81019014        0x0 binaries/rdsclose.o
 .bss           0x81019014        0x0 binaries/rdscomm.o
 .bss           0x81019014        0x0 binaries/rdscontrol.o
 .bss           0x81019014        0x0 binaries/rdsinit.o
 .bss           0x81019014        0x0 binaries/rdsopen.o
 .bss           0x81019014        0x0 binaries/rdsprocess.o
 .bss           0x81019014        0x0 binaries/rdsread.o
 .bss           0x81019014        0x0 binaries/rdswrite.o
 .bss           0x81019014        0x0 binaries/ramclose.o
 .bss           0x81019014        0x0 binaries/raminit.o
 .bss           0x81019014        0x0 binaries/ramopen.o
 .bss           0x81019014        0x0 binaries/ramread.o
 .bss           0x81019014        0x0 binaries/ramwrite.o
 .bss           0x81019014        0x0 binaries/lfdballoc.o
 .bss           0x81019014        0x0 binaries/lfdbfree.o
 .bss           0x81019014        0x0 binaries/lfflush.o
 .bss           0x81019014        0x0 binaries/lfgetmode.o
 .bss           0x81019014        0x0 binaries/lfiballoc.o
 .bss           0x81019014        0x0 binaries/lfibclear.o
 .bss           0x81019014        0x0 binaries/lfibget.o
 .bss           0x81019014        0x0 binaries/lfibput.o
 .bss           0x81019014        0x0 binaries/lflclose.o
 .bss           0x81019014        0x0 binaries/lflcontrol.o
 .bss           0x81019014        0x0 binaries/lflgetc.o
 .bss           0x81019014        0x0 binaries/lflinit.o
 .bss           0x81019014        0x0 binaries/lflputc.o
 .bss           0x81019014        0x0 binaries/lflread.o
 .bss           0x81019014        0x0 binaries/lflseek.o
 .bss           0x81019014        0x0 binaries/lflwrite.o
 .bss           0x81019014        0x0 binaries/lfscheck.o
 .bss           0x81019014        0x0 binaries/lfsckfmt.o
 .bss           0x81019014        0x0 binaries/lfscreate.o
 .bss           0x81019014        0x0 binaries/lfsetup.o
 .bss           0x81019014        0x0 binaries/lfsinit.o
 .bss           0x81019014        0x0 binaries/lfsopen.o
 .bss           0x81019014        0x0 binaries/lftruncate.o
 .bss           0x81019014        0x0 binaries/rflclose.o
 .bss           0x81019014        0x0 binaries/rflgetc.o
 .bss           0x81019014        0x0 binaries/rflinit.o
 .bss           0x81019014        0x0 binaries/rflputc.o
 .bss           0x81019014        0x0 binaries/rflread.o
 .bss           0x81019014        0x0 binaries/rflseek.o
 .bss           0x81019014        0x0 binaries/rflwrite.o
 .bss           0x81019014        0x0 binaries/rfscomm.o
 .bss           0x81019014        0x0 binaries/rfscontrol.o
 .bss           0x81019014        0x0 binaries/rfsgetmode.o
 .bss           0x81019014        0x0 binaries/rfsinit.o
 .bss           0x81019014        0x0 binaries/rfsndmsg.o
 .bss           0x81019014        0x0 binaries/rfsopen.o
 .bss           0x81019014        0x0 binaries/spicontrol.o
 .bss           0x81019014        0x0 binaries/spiinit.o
 .bss           0x81019014        0x0 binaries/arp.o
 .bss           0x81019014        0x0 binaries/dhcp.o
 .bss           0x81019014        0x0 binaries/dns.o
 .bss           0x81019014        0x0 binaries/dot2ip.o
 .bss           0x81019014        0x0 binaries/hexdump.o
 .bss           0x81019014        0x0 binaries/icmp.o
 .bss           0x81019014        0x0 binaries/ip.o
 .bss           0x81019014        0x0 binaries/net.o
 .bss           0x81019014        0x0 binaries/pdump.o
 .bss           0x81019014        0x0 binaries/tftp.o
 .bss           0x81019014        0x0 binaries/udp.o
 .bss           0x81019014        0x0 binaries/addargs.o
 .bss           0x81019014        0x0 binaries/lexan.o
 .bss           0x81019014        0x0 binaries/shell.o
 .bss           0x81019014        0x0 binaries/xsh_argecho.o
 .bss           0x81019014        0x0 binaries/xsh_arp.o
 .bss           0x81019014        0x0 binaries/xsh_cat.o
 .bss           0x81019014        0x0 binaries/xsh_clear.o
 .bss           0x81019014        0x0 binaries/xsh_date.o
 .bss           0x81019014        0x0 binaries/xsh_devdump.o
 .bss           0x81019014        0x0 binaries/xsh_echo.o
 .bss           0x81019014        0x0 binaries/xsh_exit.o
 .bss           0x81019014        0x0 binaries/xsh_help.o
 .bss           0x81019014        0x0 binaries/xsh_kill.o
 .bss           0x81019014        0x0 binaries/xsh_memdump.o
 .bss           0x81019014        0x0 binaries/xsh_memstat.o
 .bss           0x81019014        0x0 binaries/xsh_netinfo.o
 .bss           0x81019014        0x4 binaries/xsh_ping.o
 .bss           0x81019018        0x0 binaries/xsh_ps.o
 .bss           0x81019018        0x0 binaries/xsh_sleep.o
 .bss           0x81019018        0x0 binaries/xsh_udpdump.o
 .bss           0x81019018        0x0 binaries/xsh_udpecho.o
 .bss           0x81019018        0x0 binaries/xsh_udpserver.o
 .bss           0x81019018        0x0 binaries/xsh_uptime.o
 .bss           0x81019018        0x0 binaries/ctxsw.o
 .bss           0x81019018        0x0 binaries/intr.o
 .bss           0x81019018        0x0 ../cross_compiler/lib/gcc/arm-none-eabi/4.8.1//libgcc.a(_udivsi3.o)
 .bss           0x81019018        0x0 ../cross_compiler/lib/gcc/arm-none-eabi/4.8.1//libgcc.a(_divsi3.o)
 .bss           0x81019018        0x0 ../cross_compiler/lib/gcc/arm-none-eabi/4.8.1//libgcc.a(_dvmd_tls.o)
[...]
 .ARM.attributes
                0x00001f68       0x35 binaries/lfdballoc.o
 .ARM.attributes
                0x00001f9d       0x35 binaries/lfdbfree.o
 .ARM.attributes
                0x00001fd2       0x35 binaries/lfflush.o
 .ARM.attributes
                0x00002007       0x35 binaries/lfgetmode.o
 .ARM.attributes
                0x0000203c       0x35 binaries/lfiballoc.o
 .ARM.attributes
                0x00002071       0x35 binaries/lfibclear.o
 .ARM.attributes
                0x000020a6       0x35 binaries/lfibget.o
 .ARM.attributes
                0x000020db       0x35 binaries/lfibput.o
 .ARM.attributes
                0x00002110       0x35 binaries/lflclose.o
 .ARM.attributes
                0x00002145       0x35 binaries/lflcontrol.o
 .ARM.attributes
                0x0000217a       0x35 binaries/lflgetc.o
 .ARM.attributes
                0x000021af       0x35 binaries/lflinit.o
 .ARM.attributes
                0x000021e4       0x35 binaries/lflputc.o
 .ARM.attributes
                0x00002219       0x35 binaries/lflread.o
 .ARM.attributes
                0x0000224e       0x35 binaries/lflseek.o
 .ARM.attributes
                0x00002283       0x35 binaries/lflwrite.o
 .ARM.attributes
                0x000022b8       0x35 binaries/lfscheck.o
 .ARM.attributes
                0x000022ed       0x35 binaries/lfsckfmt.o
 .ARM.attributes
                0x00002322       0x35 binaries/lfscreate.o
 .ARM.attributes
                0x00002357       0x35 binaries/lfsetup.o
 .ARM.attributes
                0x0000238c       0x35 binaries/lfsinit.o
 .ARM.attributes
                0x000023c1       0x35 binaries/lfsopen.o
 .ARM.attributes
                0x000023f6       0x35 binaries/lftruncate.o
 .ARM.attributes
                0x0000242b       0x35 binaries/rflclose.o
 .ARM.attributes
                0x00002460       0x35 binaries/rflgetc.o
 .ARM.attributes
                0x00002495       0x35 binaries/rflinit.o
 .ARM.attributes
                0x000024ca       0x35 binaries/rflputc.o
 .ARM.attributes
                0x000024ff       0x35 binaries/rflread.o
 .ARM.attributes
                0x00002534       0x35 binaries/rflseek.o
 .ARM.attributes
                0x00002569       0x35 binaries/rflwrite.o
 .ARM.attributes
                0x0000259e       0x35 binaries/rfscomm.o
 .ARM.attributes
                0x000025d3       0x35 binaries/rfscontrol.o
 .ARM.attributes
                0x00002608       0x35 binaries/rfsgetmode.o
 .ARM.attributes
                0x0000263d       0x35 binaries/rfsinit.o
 .ARM.attributes
                0x00002672       0x35 binaries/rfsndmsg.o
 .ARM.attributes
                0x000026a7       0x35 binaries/rfsopen.o
 .ARM.attributes
                0x000026dc       0x35 binaries/spicontrol.o
 .ARM.attributes
                0x00002711       0x35 binaries/spiinit.o
 .ARM.attributes
                0x00002746       0x35 binaries/arp.o
 .ARM.attributes
                0x0000277b       0x35 binaries/dhcp.o
 .ARM.attributes
                0x000027b0       0x35 binaries/dns.o
 .ARM.attributes
                0x000027e5       0x35 binaries/dot2ip.o
 .ARM.attributes
                0x0000281a       0x35 binaries/hexdump.o
 .ARM.attributes
                0x0000284f       0x35 binaries/icmp.o
 .ARM.attributes
                0x00002884       0x35 binaries/ip.o
 .ARM.attributes
                0x000028b9       0x35 binaries/net.o
 .ARM.attributes
                0x000028ee       0x35 binaries/pdump.o
 .ARM.attributes
                0x00002923       0x35 binaries/tftp.o
 .ARM.attributes
                0x00002958       0x35 binaries/udp.o
 .ARM.attributes
                0x0000298d       0x35 binaries/addargs.o
 .ARM.attributes
                0x000029c2       0x35 binaries/lexan.o
 .ARM.attributes
                0x000029f7       0x35 binaries/shell.o
 .ARM.attributes
                0x00002a2c       0x35 binaries/xsh_argecho.o
 .ARM.attributes
                0x00002a61       0x35 binaries/xsh_arp.o
 .ARM.attributes
                0x00002a96       0x35 binaries/xsh_cat.o
 .ARM.attributes
                0x00002acb       0x35 binaries/xsh_clear.o
 .ARM.attributes
                0x00002b00       0x35 binaries/xsh_date.o
 .ARM.attributes
                0x00002b35       0x35 binaries/xsh_devdump.o
 .ARM.attributes
                0x00002b6a       0x35 binaries/xsh_echo.o
 .ARM.attributes
                0x00002b9f       0x35 binaries/xsh_exit.o
 .ARM.attributes
                0x00002bd4       0x35 binaries/xsh_help.o
 .ARM.attributes
                0x00002c09       0x35 binaries/xsh_kill.o
 .ARM.attributes
                0x00002c3e       0x35 binaries/xsh_memdump.o
 .ARM.attributes
                0x00002c73       0x35 binaries/xsh_memstat.o
 .ARM.attributes
                0x00002ca8       0x35 binaries/xsh_netinfo.o
 .ARM.attributes
                0x00002cdd       0x35 binaries/xsh_ping.o
 .ARM.attributes
                0x00002d12       0x35 binaries/xsh_ps.o
 .ARM.attributes
                0x00002d47       0x35 binaries/xsh_sleep.o
 .ARM.attributes
                0x00002d7c       0x35 binaries/xsh_udpdump.o
 .ARM.attributes
                0x00002db1       0x35 binaries/xsh_udpecho.o
 .ARM.attributes
                0x00002de6       0x35 binaries/xsh_udpserver.o
 .ARM.attributes
                0x00002e1b       0x35 binaries/xsh_uptime.o
 .ARM.attributes
                0x00002e50       0x25 binaries/ctxsw.o
 .ARM.attributes
                0x00002e75       0x25 binaries/intr.o
 .ARM.attributes
                0x00002e9a       0x18 ../cross_compiler/lib/gcc/arm-none-eabi/4.8.1//libgcc.a(_udivsi3.o)
 .ARM.attributes
                0x00002eb2       0x18 ../cross_compiler/lib/gcc/arm-none-eabi/4.8.1//libgcc.a(_divsi3.o)
 .ARM.attributes
                0x00002eca       0x18 ../cross_compiler/lib/gcc/arm-none-eabi/4.8.1//libgcc.a(_dvmd_tls.o)
 .ARM.attributes
                0x00002ee2       0x18 ../cross_compiler/lib/gcc/arm-none-eabi/4.8.1//libgcc.a(_arm_addsubdf3.o)
 .ARM.attributes
                0x00002efa       0x18 ../cross_compiler/lib/gcc/arm-none-eabi/4.8.1//libgcc.a(_arm_muldivdf3.o)
 .ARM.attributes
                0x00002f12       0x18 ../cross_compiler/lib/gcc/arm-none-eabi/4.8.1//libgcc.a(_arm_cmpdf2.o)
 .ARM.attributes
                0x00002f2a       0x18 ../cross_compiler/lib/gcc/arm-none-eabi/4.8.1//libgcc.a(_arm_fixdfsi.o)
 .ARM.attributes
                0x00002f42       0x18 ../cross_compiler/lib/gcc/arm-none-eabi/4.8.1//libgcc.a(_arm_truncdfsf2.o)
 .ARM.attributes
                0x00002f5a       0x18 ../cross_compiler/lib/gcc/arm-none-eabi/4.8.1//libgcc.a(_arm_addsubsf3.o)
 .ARM.attributes
                0x00002f72       0x18 ../cross_compiler/lib/gcc/arm-none-eabi/4.8.1//libgcc.a(_arm_muldivsf3.o)
 .ARM.attributes
                0x00002f8a       0x18 ../cross_compiler/lib/gcc/arm-none-eabi/4.8.1//libgcc.a(_arm_fixunssfsi.o)

.comment        0x00000000       0x30
 .comment       0x00000000       0x30 binaries/ascdate.o
                                 0x31 (size before relaxing)
 .comment       0x00000000       0x31 binaries/bufinit.o
 .comment       0x00000000       0x31 binaries/chprio.o
 .comment       0x00000000       0x31 binaries/clkhandler.o
 .comment       0x00000000       0x31 binaries/clkinit.o
 .comment       0x00000000       0x31 binaries/close.o
 .comment       0x00000000       0x31 binaries/conf.o
 .comment       0x00000000       0x31 binaries/control.o
 .comment       0x00000000       0x31 binaries/create.o
 .comment       0x00000000       0x31 binaries/evec.o
 .comment       0x00000000       0x31 binaries/exit.o
 .comment       0x00000000       0x31 binaries/freebuf.o
 .comment       0x00000000       0x31 binaries/freemem.o
 .comment       0x00000000       0x31 binaries/getbuf.o
 .comment       0x00000000       0x31 binaries/getc.o
 .comment       0x00000000       0x31 binaries/getdev.o
 .comment       0x00000000       0x31 binaries/getitem.o
 .comment       0x00000000       0x31 binaries/getmem.o
 .comment       0x00000000       0x31 binaries/getpid.o
 .comment       0x00000000       0x31 binaries/getprio.o
 .comment       0x00000000       0x31 binaries/getstk.o
 .comment       0x00000000       0x31 binaries/getticks.o
 .comment       0x00000000       0x31 binaries/gettime.o
 .comment       0x00000000       0x31 binaries/getutime.o
 .comment       0x00000000       0x31 binaries/init.o
 .comment       0x00000000       0x31 binaries/initialize.o
 .comment       0x00000000       0x31 binaries/insert.o
 .comment       0x00000000       0x31 binaries/insertd.o
 .comment       0x00000000       0x31 binaries/ioerr.o
 .comment       0x00000000       0x31 binaries/ionull.o
 .comment       0x00000000       0x31 binaries/kill.o
 .comment       0x00000000       0x31 binaries/kprintf.o
 .comment       0x00000000       0x31 binaries/main.o
 .comment       0x00000000       0x31 binaries/mark.o
 .comment       0x00000000       0x31 binaries/meminit.o
 .comment       0x00000000       0x31 binaries/mkbufpool.o
 .comment       0x00000000       0x31 binaries/newqueue.o
 .comment       0x00000000       0x31 binaries/open.o
 .comment       0x00000000       0x31 binaries/panic.o
 .comment       0x00000000       0x31 binaries/platinit.o
 .comment       0x00000000       0x31 binaries/ptclear.o
 .comment       0x00000000       0x31 binaries/ptcount.o
 .comment       0x00000000       0x31 binaries/ptcreate.o
 .comment       0x00000000       0x31 binaries/ptdelete.o
 .comment       0x00000000       0x31 binaries/ptinit.o
 .comment       0x00000000       0x31 binaries/ptrecv.o
 .comment       0x00000000       0x31 binaries/ptreset.o
 .comment       0x00000000       0x31 binaries/ptsend.o
 .comment       0x00000000       0x31 binaries/putc.o
 .comment       0x00000000       0x31 binaries/queue.o
 .comment       0x00000000       0x31 binaries/read.o
 .comment       0x00000000       0x31 binaries/ready.o
 .comment       0x00000000       0x31 binaries/receive.o
 .comment       0x00000000       0x31 binaries/recvclr.o
 .comment       0x00000000       0x31 binaries/recvtime.o
 .comment       0x00000000       0x31 binaries/resched.o
 .comment       0x00000000       0x31 binaries/resume.o
 .comment       0x00000000       0x31 binaries/seek.o
 .comment       0x00000000       0x31 binaries/semcount.o
 .comment       0x00000000       0x31 binaries/semcreate.o
 .comment       0x00000000       0x31 binaries/semdelete.o
 .comment       0x00000000       0x31 binaries/semreset.o
 .comment       0x00000000       0x31 binaries/send.o
 .comment       0x00000000       0x31 binaries/signal.o
 .comment       0x00000000       0x31 binaries/signaln.o
 .comment       0x00000000       0x31 binaries/sleep.o
 .comment       0x00000000       0x31 binaries/suspend.o
 .comment       0x00000000       0x31 binaries/unsleep.o
 .comment       0x00000000       0x31 binaries/userret.o
 .comment       0x00000000       0x31 binaries/wait.o
 .comment       0x00000000       0x31 binaries/wakeup.o
 .comment       0x00000000       0x31 binaries/write.o
 .comment       0x00000000       0x31 binaries/xdone.o
 .comment       0x00000000       0x31 binaries/yield.o
 .comment       0x00000000       0x31 binaries/abs.o
 .comment       0x00000000       0x31 binaries/atoi.o
 .comment       0x00000000       0x31 binaries/atol.o
 .comment       0x00000000       0x31 binaries/bzero.o
 .comment       0x00000000       0x31 binaries/ctype_.o
 .comment       0x00000000       0x31 binaries/doprnt.o
 .comment       0x00000000       0x31 binaries/doscan.o
 .comment       0x00000000       0x31 binaries/fdoprnt.o
 .comment       0x00000000       0x31 binaries/fgetc.o
 .comment       0x00000000       0x31 binaries/fgets.o
 .comment       0x00000000       0x31 binaries/fprintf.o
 .comment       0x00000000       0x31 binaries/fputc.o
 .comment       0x00000000       0x31 binaries/fputs.o
 .comment       0x00000000       0x31 binaries/fscanf.o
 .comment       0x00000000       0x31 binaries/getchar.o
 .comment       0x00000000       0x31 binaries/labs.o
 .comment       0x00000000       0x31 binaries/memchr.o
 .comment       0x00000000       0x31 binaries/memcmp.o
 .comment       0x00000000       0x31 binaries/memcpy.o
 .comment       0x00000000       0x31 binaries/memset.o
 .comment       0x00000000       0x31 binaries/printf.o
 .comment       0x00000000       0x31 binaries/putchar.o
 .comment       0x00000000       0x31 binaries/qsort.o
 .comment       0x00000000       0x31 binaries/rand.o
 .comment       0x00000000       0x31 binaries/sprintf.o
 .comment       0x00000000       0x31 binaries/sscanf.o
 .comment       0x00000000       0x31 binaries/strchr.o
 .comment       0x00000000       0x31 binaries/strcmp.o
 .comment       0x00000000       0x31 binaries/strcpy.o
 .comment       0x00000000       0x31 binaries/strlen.o
 .comment       0x00000000       0x31 binaries/strncat.o
 .comment       0x00000000       0x31 binaries/strncmp.o
 .comment       0x00000000       0x31 binaries/strncpy.o
 .comment       0x00000000       0x31 binaries/strnlen.o
 .comment       0x00000000       0x31 binaries/strrchr.o
 .comment       0x00000000       0x31 binaries/strstr.o
 .comment       0x00000000       0x31 binaries/ttycontrol.o
 .comment       0x00000000       0x31 binaries/ttygetc.o
 .comment       0x00000000       0x31 binaries/ttyhandle_in.o
 .comment       0x00000000       0x31 binaries/ttyhandle_out.o
 .comment       0x00000000       0x31 binaries/ttyhandler.o
 .comment       0x00000000       0x31 binaries/ttyinit.o
 .comment       0x00000000       0x31 binaries/ttykickout.o
 .comment       0x00000000       0x31 binaries/ttyputc.o
 .comment       0x00000000       0x31 binaries/ttyread.o
 .comment       0x00000000       0x31 binaries/ttywrite.o
 .comment       0x00000000       0x31 binaries/mount.o
 .comment       0x00000000       0x31 binaries/naminit.o
 .comment       0x00000000       0x31 binaries/nammap.o
 .comment       0x00000000       0x31 binaries/namopen.o
 .comment       0x00000000       0x31 binaries/ethcontrol.o
 .comment       0x00000000       0x31 binaries/ethhandler.o
 .comment       0x00000000       0x31 binaries/ethinit.o
 .comment       0x00000000       0x31 binaries/ethread.o
 .comment       0x00000000       0x31 binaries/ethwrite.o
 .comment       0x00000000       0x31 binaries/gpio_handler.o
 .comment       0x00000000       0x31 binaries/gpio_init.o
 .comment       0x00000000       0x31 binaries/gpio_read.o
 .comment       0x00000000       0x31 binaries/gpio_write.o
 .comment       0x00000000       0x31 binaries/adchandler.o
 .comment       0x00000000       0x31 binaries/adcinit.o
 .comment       0x00000000       0x31 binaries/adcread.o
 .comment       0x00000000       0x31 binaries/adcsysctrl.o
 .comment       0x00000000       0x31 binaries/rdsbufalloc.o
 .comment       0x00000000       0x31 binaries/rdsclose.o
 .comment       0x00000000       0x31 binaries/rdscomm.o
 .comment       0x00000000       0x31 binaries/rdscontrol.o
 .comment       0x00000000       0x31 binaries/rdsinit.o
 .comment       0x00000000       0x31 binaries/rdsopen.o
 .comment       0x00000000       0x31 binaries/rdsprocess.o
 .comment       0x00000000       0x31 binaries/rdsread.o
 .comment       0x00000000       0x31 binaries/rdswrite.o
 .comment       0x00000000       0x31 binaries/ramclose.o
 .comment       0x00000000       0x31 binaries/raminit.o
 .comment       0x00000000       0x31 binaries/ramopen.o
 .comment       0x00000000       0x31 binaries/ramread.o
 .comment       0x00000000       0x31 binaries/ramwrite.o
 .comment       0x00000000       0x31 binaries/lfdballoc.o
 .comment       0x00000000       0x31 binaries/lfdbfree.o
 .comment       0x00000000       0x31 binaries/lfflush.o
 .comment       0x00000000       0x31 binaries/lfgetmode.o
 .comment       0x00000000       0x31 binaries/lfiballoc.o
 .comment       0x00000000       0x31 binaries/lfibclear.o
 .comment       0x00000000       0x31 binaries/lfibget.o
 .comment       0x00000000       0x31 binaries/lfibput.o
 .comment       0x00000000       0x31 binaries/lflclose.o
 .comment       0x00000000       0x31 binaries/lflcontrol.o
 .comment       0x00000000       0x31 binaries/lflgetc.o
 .comment       0x00000000       0x31 binaries/lflinit.o
 .comment       0x00000000       0x31 binaries/lflputc.o
 .comment       0x00000000       0x31 binaries/lflread.o
 .comment       0x00000000       0x31 binaries/lflseek.o
 .comment       0x00000000       0x31 binaries/lflwrite.o
 .comment       0x00000000       0x31 binaries/lfscheck.o
 .comment       0x00000000       0x31 binaries/lfsckfmt.o
 .comment       0x00000000       0x31 binaries/lfscreate.o
 .comment       0x00000000       0x31 binaries/lfsetup.o
 .comment       0x00000000       0x31 binaries/lfsinit.o
 .comment       0x00000000       0x31 binaries/lfsopen.o
 .comment       0x00000000       0x31 binaries/lftruncate.o
 .comment       0x00000000       0x31 binaries/rflclose.o
 .comment       0x00000000       0x31 binaries/rflgetc.o
 .comment       0x00000000       0x31 binaries/rflinit.o
 .comment       0x00000000       0x31 binaries/rflputc.o
 .comment       0x00000000       0x31 binaries/rflread.o
 .comment       0x00000000       0x31 binaries/rflseek.o
 .comment       0x00000000       0x31 binaries/rflwrite.o
 .comment       0x00000000       0x31 binaries/rfscomm.o
 .comment       0x00000000       0x31 binaries/rfscontrol.o
 .comment       0x00000000       0x31 binaries/rfsgetmode.o
 .comment       0x00000000       0x31 binaries/rfsinit.o
 .comment       0x00000000       0x31 binaries/rfsndmsg.o
 .comment       0x00000000       0x31 binaries/rfsopen.o
 .comment       0x00000000       0x31 binaries/spicontrol.o
 .comment       0x00000000       0x31 binaries/spiinit.o
 .comment       0x00000000       0x31 binaries/arp.o
 .comment       0x00000000       0x31 binaries/dhcp.o
 .comment       0x00000000       0x31 binaries/dns.o
 .comment       0x00000000       0x31 binaries/dot2ip.o
 .comment       0x00000000       0x31 binaries/hexdump.o
 .comment       0x00000000       0x31 binaries/icmp.o
 .comment       0x00000000       0x31 binaries/ip.o
 .comment       0x00000000       0x31 binaries/net.o
 .comment       0x00000000       0x31 binaries/pdump.o
 .comment       0x00000000       0x31 binaries/tftp.o
 .comment       0x00000000       0x31 binaries/udp.o
 .comment       0x00000000       0x31 binaries/addargs.o
 .comment       0x00000000       0x31 binaries/lexan.o
 .comment       0x00000000       0x31 binaries/shell.o
 .comment       0x00000000       0x31 binaries/xsh_argecho.o
 .comment       0x00000000       0x31 binaries/xsh_arp.o
 .comment       0x00000000       0x31 binaries/xsh_cat.o
 .comment       0x00000000       0x31 binaries/xsh_clear.o
 .comment       0x00000000       0x31 binaries/xsh_date.o
 .comment       0x00000000       0x31 binaries/xsh_devdump.o
 .comment       0x00000000       0x31 binaries/xsh_echo.o
 .comment       0x00000000       0x31 binaries/xsh_exit.o
 .comment       0x00000000       0x31 binaries/xsh_help.o
 .comment       0x00000000       0x31 binaries/xsh_kill.o
 .comment       0x00000000       0x31 binaries/xsh_memdump.o
 .comment       0x00000000       0x31 binaries/xsh_memstat.o
 .comment       0x00000000       0x31 binaries/xsh_netinfo.o
 .comment       0x00000000       0x31 binaries/xsh_ping.o
 .comment       0x00000000       0x31 binaries/xsh_ps.o
 .comment       0x00000000       0x31 binaries/xsh_sleep.o
 .comment       0x00000000       0x31 binaries/xsh_udpdump.o
 .comment       0x00000000       0x31 binaries/xsh_udpecho.o
 .comment       0x00000000       0x31 binaries/xsh_udpserver.o
 .comment       0x00000000       0x31 binaries/xsh_uptime.o

.debug_frame    0x00000000       0x40
 .debug_frame   0x00000000       0x20 ../cross_compiler/lib/gcc/arm-none-eabi/4.8.1//libgcc.a(_udivsi3.o)
 .debug_frame   0x00000020       0x20 ../cross_compiler/lib/gcc/arm-none-eabi/4.8.1//libgcc.a(_divsi3.o)
